[2026-09-16 14:24:30] [INFO] ============================================================
[2026-09-16 14:24:30] [INFO]   新闻联播每日总结 - 定时任务开始执行
[2026-09-16 14:24:30] [INFO] ============================================================
[2026-09-16 14:24:31] [INFO] 目标日期（命令行指定）: 20260915
[2026-09-16 14:24:31] [INFO] 执行模式: oneshot
[2026-09-16 14:24:31] [INFO] 
[2026-09-16 14:24:31] [INFO] ========== 模式: oneshot（一键生成） ==========
[2026-09-16 14:24:32] [INFO] Python 解释器: C:\Users\Administrator\AppData\Local\Programs\Python\Python312\python.exe
[2026-09-16 14:24:32] [INFO] 执行脚本: C:\Users\Administrator\Documents\这是什么\JK-temp\新闻联播\流程\自动化任务\..\一键生成\xwlb_report.py
[2026-09-16 14:24:32] [INFO] 目标日期: 20260915
[2026-09-16 14:24:33] [INFO]   [Python] 2026-09-16 14:24:33,475 [INFO] 鏍煎紡濂戠害宸插姞杞斤細鏂伴椈鑱旀挱鎬荤粨_鍘绘晱鎰熻瘝妯℃澘.md
[2026-09-16 14:24:33] [INFO]   [Python] 2026-09-16 14:24:33,476 [INFO]   绗叚绔犺〃澶?10 鍒?/ 绗竷绔?5 涓瓙鑺?
[2026-09-16 14:24:33] [INFO]   [Python] 2026-09-16 14:24:33,479 [INFO] 鎶ュ憡宸插瓨鍦紙30.3KB > 10KB锛夛紝璺宠繃鐢熸垚骞剁洿鎺ヨ嚜妫€銆傚闇€瑕嗙洊璇峰姞 --force
[2026-09-16 14:24:33] [INFO]   [Python] 
[2026-09-16 14:24:33] [INFO]   [Python] ----------------------------------------------------------------
[2026-09-16 14:24:33] [INFO]   [Python]   璐ㄩ噺鑷缁撴灉
[2026-09-16 14:24:33] [INFO]   [Python] ----------------------------------------------------------------
[2026-09-16 14:24:33] [INFO]   [Python]   鉂?[CRITICAL] 瀹屾暣鐗堥摼鎺ヤ笉涓€鑷达細{'绗簩閮ㄥ垎': 'https://tv.cctv.com/2026/09/15/VIDE4dDkrntrkpR7uynNZZe1260915.shtml', '5.1': 'https://tv.cctv.com/2026/09/15/VIDE4dDkrntrkpR7uynNZZe1260915.shtml', '绗叚閮ㄥ垎': 'https://tv.cctv.com/2026/09/15/VIDEkreotJQ4C4OuMwXmZuXF260915.shtml'}
[2026-09-16 14:24:33] [INFO]   [Python]   鈿狅笍  [ERROR] 绗竷閮ㄥ垎缂哄皯瀛愯妭锛?.3 鏃堕棿鍗犱綅绗?
[2026-09-16 14:24:33] [INFO]   [Python]   鈿狅笍  [ERROR] 绗竷閮ㄥ垎缂哄皯瀛愯妭锛?.4 鍦扮偣鍗犱綅绗?
[2026-09-16 14:24:33] [INFO]   [Python]   鈿狅笍  [ERROR] 绗竷閮ㄥ垎缂哄皯瀛愯妭锛?.5 鏁版嵁鍗犱綅绗?
[2026-09-16 14:24:33] [INFO]   [Python]   鈿狅笍  [ERROR] 绗竷閮ㄥ垎缂哄皯瀛愯妭锛?.6 鍐呭鍗犱綅绗?
[2026-09-16 14:24:33] [INFO]   [Python]   鈿狅笍  [ERROR] 鏂伴椈涓讳綋瑕嗙洊鐜?69.2%锛堣姹傗墺70%锛?
[2026-09-16 14:24:33] [INFO]   [Python]   鈿狅笍  [ERROR] 瀛樺湪杩炵画閲嶅鍒嗛殧绗?---
[2026-09-16 14:24:33] [INFO]   [Python]   鍚堣锛欳RITICAL 1 / ERROR 6 / WARNING 0
[2026-09-16 14:24:33] [INFO]   [Python] ----------------------------------------------------------------
[2026-09-16 14:24:33] [ERROR] 一键生成失败，退出码 2（1=有 ERROR，2=有 CRITICAL）
[2026-09-16 14:24:34] [INFO] Git同步已禁用，跳过
[2026-09-16 14:24:34] [INFO] 
[2026-09-16 14:24:34] [ERROR] 任务执行失败！
[2026-09-16 14:24:34] [INFO] ============================================================
[2026-09-16 14:24:34] [INFO] 
