[2026-05-29 20:54:14] 无变更，跳过同步 (分支: main, 工作区干净)
[2026-05-30 02:54:22] 无变更，跳过同步
[2026-05-30 10:54:45] 无变更，跳过同步
[2026-05-30 17:27:02] [INFO] Start checking sync status...
[2026-05-30 17:27:03] [INFO] Changes detected, preparing sync...
[2026-05-30 17:27:03] [DETAIL] Changes:  M sync.log; ?? auto-sync.ps1; ?? sync-enhanced.ps1
[2026-05-30 17:27:04] [SUCCESS] Local commit success: Sync: 2026-05-30 17:27:03
[2026-05-30 17:27:04] [INFO] Pushing to gitee-test (attempt 1/3)...
[2026-05-30 17:27:10] [SUCCESS] Push to gitee-test success
[2026-05-30 17:27:10] [INFO] Pushing to github (attempt 1/3)...
[2026-05-30 17:27:16] [SUCCESS] Push to github success
[2026-05-30 17:27:16] [SUCCESS] Sync complete: Gitee and GitHub both success
[2026-05-30 17:27:16] [INFO] Sync task finished
[2026-05-30 21:04:29] 无变更，跳过同步
[2026-05-31 00:54:18] 无变更，跳过同步
[2026-05-31 02:54:50] 同步完成 | commit: 7d7309e | Gitee: 成功 | GitHub: 成功 | 变更文件: sync.log
[2026-05-31 10:54:00] 无变更，跳过同步 (分支: main, 工作区干净)
[2026-05-31 16:54:01] 同步完成 | commit: 9f5506a | Gitee: 成功 | GitHub: 成功 | 变更文件: sync.log
[2026-05-31 18:54:06] 无变更，跳过同步
[2026-05-31 22:54:36] 无变更，跳过同步 (分支: main, 工作区干净)
[2026-06-01 02:54:17] 无变更，跳过同步
[2026-06-01 04:54:18] 同步完成 | commit: 305fdbc | Gitee: 成功 | GitHub: 成功 | 变更文件: sync.log
[2026-06-01 08:54:13] 无变更，跳过同步
[2026-06-01 12:54:39] 无变更，跳过同步
[2026-06-04 18:50:57] 无变更，跳过同步
